// Jest Snapshot v1, https://goo.gl/fbAQLP

exports[`Render Layout component renders correctly 1`] = `
<Fragment>
  <div
    className="sidebar"
  >
    <div>
      Logo
    </div>
    <ul>
      <li>
        <div>
          <Link
            to="/tasks"
          >
            <GoTasklist />
            <span>
              Tasks
            </span>
          </Link>
        </div>
      </li>
      <li>
        <div>
          <Link
            to="/visualization"
          >
            <SlGraph />
            <span>
              Visualization
            </span>
          </Link>
        </div>
      </li>
      <li>
        <div>
          <Link
            to="/exports"
          >
            <CiExport />
            <span>
              Exports
            </span>
          </Link>
        </div>
      </li>
      <li>
        <div>
          <Link
            to="/account"
          >
            <MdManageAccounts />
            <span>
              Account
            </span>
          </Link>
        </div>
      </li>
    </ul>
  </div>
  <Outlet />
</Fragment>
`;
